<?xml version="1.0" encoding="utf-8"?><testsuites name="pytest tests"><testsuite name="pytest" errors="0" failures="0" skipped="0" tests="87" time="0.450" timestamp="2026-10-04T21:12:32.013015+08:00" hostname="leeAir.local"><testcase classname="runtime.tests.test_harness_v2" name="test_build_context_kv_order_and_status_bar_role" file="runtime/tests/test_harness_v2.py" line="35" time="0.001" /><testcase classname="runtime.tests.test_harness_v2" name="test_constrain_token_boundary[rm -rf /-rm -rf-True]" file="runtime/tests/test_harness_v2.py" line="65" time="0.000" /><testcase classname="runtime.tests.test_harness_v2" name="test_constrain_token_boundary[rm -rfx /data-rm -rf-False]" file="runtime/tests/test_harness_v2.py" line="65" time="0.000" /><testcase classname="runtime.tests.test_harness_v2" name="test_constrain_token_boundary[ls /tmp/rm -rf-work-rm -rf-False]" file="runtime/tests/test_harness_v2.py" line="65" time="0.000" /><testcase classname="runtime.tests.test_harness_v2" name="test_constrain_token_boundary[echo hello world-cat-False]" file="runtime/tests/test_harness_v2.py" line="65" time="0.000" /><testcase classname="runtime.tests.test_harness_v2" name="test_constrain_token_boundary[cat /etc/passwd-cat-True]" file="runtime/tests/test_harness_v2.py" line="65" time="0.000" /><testcase classname="runtime.tests.test_harness_v2" name="test_constrain_token_boundary[category-cat-False]" file="runtime/tests/test_harness_v2.py" line="65" time="0.000" /><testcase classname="runtime.tests.test_harness_v2" name="test_constrain_token_boundary[concatenate file1 file2-cat-False]" file="runtime/tests/test_harness_v2.py" line="65" time="0.000" /><testcase classname="runtime.tests.test_harness_v2" name="test_constrain_token_boundary[bash -c 'rm -rf /tmp/x'-rm -rf-True]" file="runtime/tests/test_harness_v2.py" line="65" time="0.000" /><testcase classname="runtime.tests.test_harness_v2" name="test_run_success_has_evidence_chain_and_statusbar_events" file="runtime/tests/test_harness_v2.py" line="142" time="0.002" /><testcase classname="runtime.tests.test_harness_v2" name="test_constrain_blocks_exact_forbidden_but_not_false_positive" file="runtime/tests/test_harness_v2.py" line="172" time="0.001" /><testcase classname="runtime.tests.test_harness_v2" name="test_verify_failure_triggers_correct_then_circuit_breaker" file="runtime/tests/test_harness_v2.py" line="191" time="0.001" /><testcase classname="runtime.tests.test_harness_v2" name="test_checkpoint_save_and_from_checkpoint_restore" file="runtime/tests/test_harness_v2.py" line="235" time="0.001" /><testcase classname="runtime.tests.test_v2_smoke" name="test_runtime_imports" file="runtime/tests/test_v2_smoke.py" line="15" time="0.000" /><testcase classname="runtime.tests.test_v2_smoke" name="test_base_harness_mock_llm_completes" file="runtime/tests/test_v2_smoke.py" line="28" time="0.001" /><testcase classname="runtime.tests.test_v2_smoke" name="test_status_bar_composite" file="runtime/tests/test_v2_smoke.py" line="47" time="0.000" /><testcase classname="runtime.tests.test_v2_smoke" name="test_tool_registry_async" file="runtime/tests/test_v2_smoke.py" line="58" time="0.001" /><testcase classname="runtime.tests.test_v2_smoke" name="test_memory_fs_layers" file="runtime/tests/test_v2_smoke.py" line="74" time="0.001" /><testcase classname="runtime.tests.test_v2_smoke" name="test_feature_not_installed_message_mentions_install_command" file="runtime/tests/test_v2_smoke.py" line="87" time="0.000" /><testcase classname="runtime.tests.test_v2_smoke" name="test_host_imports_no_opt_deps" file="runtime/tests/test_v2_smoke.py" line="95" time="0.107" /><testcase classname="runtime.tests.test_v2_smoke" name="test_generated_agent_importable" file="runtime/tests/test_v2_smoke.py" line="112" time="0.001" /><testcase classname="runtime.tests.test_v2_smoke" name="test_direct_runner_roundtrip" file="runtime/tests/test_v2_smoke.py" line="123" time="0.001" /><testcase classname="runtime.tests.test_srs_acceptance" name="test_harness_pipeline_event_order_via_statusbar" file="runtime/tests/test_srs_acceptance.py" line="142" time="0.001"><properties><property name="req" value="FR-RUN-1" /></properties></testcase><testcase classname="runtime.tests.test_srs_acceptance" name="test_constrain_token_boundary[rm-mkdir /tmp/remove_logs-True]" file="runtime/tests/test_srs_acceptance.py" line="168" time="0.001"><properties><property name="req" value="FR-RUN-2" /></properties></testcase><testcase classname="runtime.tests.test_srs_acceptance" name="test_constrain_token_boundary[cat-ls category-True]" file="runtime/tests/test_srs_acceptance.py" line="168" time="0.001"><properties><property name="req" value="FR-RUN-2" /></properties></testcase><testcase classname="runtime.tests.test_srs_acceptance" name="test_constrain_token_boundary[rm -rf-rm -rfx /data-True]" file="runtime/tests/test_srs_acceptance.py" line="168" time="0.000"><properties><property name="req" value="FR-RUN-2" /></properties></testcase><testcase classname="runtime.tests.test_srs_acceptance" name="test_constrain_token_boundary[rm -rf-rm -rf /-False]" file="runtime/tests/test_srs_acceptance.py" line="168" time="0.000"><properties><property name="req" value="FR-RUN-2" /></properties></testcase><testcase classname="runtime.tests.test_srs_acceptance" name="test_constrain_token_boundary[cat-cat /etc/passwd-False]" file="runtime/tests/test_srs_acceptance.py" line="168" time="0.000"><properties><property name="req" value="FR-RUN-2" /></properties></testcase><testcase classname="runtime.tests.test_srs_acceptance" name="test_constrain_token_boundary[git reset-git reset --hard HEAD-False]" file="runtime/tests/test_srs_acceptance.py" line="168" time="0.000"><properties><property name="req" value="FR-RUN-2" /></properties></testcase><testcase classname="runtime.tests.test_srs_acceptance" name="test_constrain_token_boundary[git reset-describe about git reset usage-False]" file="runtime/tests/test_srs_acceptance.py" line="168" time="0.000"><properties><property name="req" value="FR-RUN-2" /></properties></testcase><testcase classname="runtime.tests.test_srs_acceptance" name="test_verify_failure_triggers_correct_then_circuit_breaker" file="runtime/tests/test_srs_acceptance.py" line="205" time="0.001"><properties><property name="req" value="FR-RUN-4" /></properties></testcase><testcase classname="runtime.tests.test_srs_acceptance" name="test_constrain_blocks_exact_forbidden_but_not_false_positive" file="runtime/tests/test_srs_acceptance.py" line="251" time="0.000"><properties><property name="req" value="FR-RUN-2" /></properties></testcase><testcase classname="runtime.tests.test_srs_acceptance" name="test_execution_trace_shape_has_required_fields" file="runtime/tests/test_srs_acceptance.py" line="264" time="0.001"><properties><property name="req" value="NFR-REL-2" /></properties></testcase><testcase classname="runtime.tests.test_srs_acceptance" name="test_kv_prefix_static_segment_ratio_ge_85pct_with_mock_llm" file="runtime/tests/test_srs_acceptance.py" line="292" time="0.001"><properties><property name="req" value="NFR-PERF-1a" /></properties></testcase><testcase classname="runtime.tests.test_srs_acceptance" name="test_build_context_roles_are_system_prefix_then_dynamic_then_statusbar_system" file="runtime/tests/test_srs_acceptance.py" line="344" time="0.000"><properties><property name="req" value="FR-RUN-1" /></properties></testcase><testcase classname="runtime.tests.test_srs_acceptance" name="test_constrain_approval_blocks_git_push_when_listed_sanity" file="runtime/tests/test_srs_acceptance.py" line="366" time="0.000"><properties><property name="req" value="FR-RUN-2" /></properties></testcase><testcase classname="runtime.tests.test_srs_acceptance" name="test_memory_checkpoint_default_is_memory_store_and_roundtrip" file="runtime/tests/test_srs_acceptance.py" line="377" time="0.001"><properties><property name="req" value="NFR-REL-1" /></properties></testcase><testcase classname="runtime.tests.test_srs_acceptance" name="test_correct_on_failure_abort_is_reflected_in_trace_when_circuit_break" file="runtime/tests/test_srs_acceptance.py" line="392" time="0.001"><properties><property name="req" value="FR-RUN-4" /></properties></testcase><testcase classname="runtime.tests.test_srs_acceptance" name="test_compiler_structured_errors_mapped_to_exception_message_shapes" file="runtime/tests/test_srs_acceptance.py" line="424" time="0.001"><properties><property name="req" value="FR-CHECK-1" /></properties></testcase><testcase classname="runtime.tests.test_srs_acceptance" name="test_sandbox_null_is_default_and_docker_sandbox_feature_not_installed_error_shape" file="runtime/tests/test_srs_acceptance.py" line="444" time="0.000"><properties><property name="req" value="NFR-SEC-1c" /></properties></testcase><testcase classname="runtime.tests.test_srs_acceptance" name="test_gateway_smoke_import_or_feature_not_installed" file="runtime/tests/test_srs_acceptance.py" line="460" time="0.001"><properties><property name="req" value="IF-API-1" /></properties></testcase><testcase classname="runtime.tests.test_srs_acceptance" name="test_memory_fs_layers_constants_exist_and_basic_ops_ok" file="runtime/tests/test_srs_acceptance.py" line="477" time="0.001"><properties><property name="req" value="FR-MEM-1" /></properties></testcase><testcase classname="runtime.tests.test_srs_acceptance" name="test_status_bar_custom_wrapper_can_intercept_human_required_lifecycle" file="runtime/tests/test_srs_acceptance.py" line="501" time="0.001"><properties><property name="req" value="NFR-SEC-1b" /></properties></testcase><testcase classname="runtime.tests.test_srs_acceptance" name="test_base_harness_v2_signature_accepts_all_required_keywords" file="runtime/tests/test_srs_acceptance.py" line="528" time="0.000"><properties><property name="req" value="IF-SDK-1" /></properties></testcase><testcase classname="runtime.tests.test_srs_acceptance" name="test_build_context_contract_with_status_bar_custom_items" file="runtime/tests/test_srs_acceptance.py" line="552" time="0.000"><properties><property name="req" value="NFR-PERF-1a" /></properties></testcase><testcase classname="runtime.tests.test_srs_acceptance" name="test_build_context_static_blocks_order_and_statusbar_role_system" file="runtime/tests/test_srs_acceptance.py" line="573" time="0.000"><properties><property name="req" value="FR-CHECK-1" /></properties></testcase><testcase classname="runtime.tests.test_srs_acceptance" name="test_ac_2_fr_run_3_workspace_root_path_escape_blocked" file="runtime/tests/test_srs_acceptance.py" line="607" time="0.001"><properties><property name="req" value="FR-RUN-3" /></properties></testcase><testcase classname="runtime.tests.test_srs_acceptance" name="test_ac_2_fr_mem_1_emitter_generates_memory_fs_mount_code_and_prefix_tag" file="runtime/tests/test_srs_acceptance.py" line="635" time="0.001"><properties><property name="req" value="FR-MEM-1" /></properties></testcase><testcase classname="runtime.tests.test_srs_acceptance" name="test_ac_2_fr_magt_1_scoped_worker_trajectory_not_leak_to_parent_build_context" file="runtime/tests/test_srs_acceptance.py" line="673" time="0.001"><properties><property name="req" value="FR-MAGT-1" /></properties></testcase><testcase classname="runtime.tests.test_srs_acceptance" name="test_ac_2_nfr_rel_1_redis_checkpoint_default_ttl_ge_86390s" file="runtime/tests/test_srs_acceptance.py" line="705" time="0.000"><properties><property name="req" value="NFR-REL-1" /></properties></testcase><testcase classname="runtime.tests.test_srs_acceptance" name="test_ac_2_nfr_perf_1a_static_bytes_ge_85pct_with_production_repair_agent" file="runtime/tests/test_srs_acceptance.py" line="733" time="0.001"><properties><property name="req" value="NFR-PERF-1a" /></properties></testcase><testcase classname="runtime.tests.test_srs_acceptance" name="test_ac_2_nfr_obs_1_otel_span_count_matches_turn_count" file="runtime/tests/test_srs_acceptance.py" line="782" time="0.005"><properties><property name="req" value="NFR-OBS-1" /></properties></testcase><testcase classname="runtime.tests.test_srs_acceptance" name="test_ac_2_nfr_sec_1b_require_approval_blocks_until_signal" file="runtime/tests/test_srs_acceptance.py" line="821" time="0.103"><properties><property name="req" value="NFR-SEC-1b" /></properties></testcase><testcase classname="runtime.tests.test_srs_acceptance" name="test_ac_2_fr_magt_1_two_workers_trajectory_are_isolated_from_each_other" file="runtime/tests/test_srs_acceptance.py" line="914" time="0.001"><properties><property name="req" value="FR-MAGT-1" /></properties></testcase><testcase classname="runtime.tests.test_srs_acceptance" name="test_json_errors_shape_via_checker_rkt_source" file="runtime/tests/test_srs_acceptance.py" line="995" time="0.002"><properties><property name="req" value="FR-CHECK-0" /></properties></testcase><testcase classname="runtime.tests.test_srs_acceptance" name="test_json_errors_kv_alignment_has_correct_hints_srs_id" file="runtime/tests/test_srs_acceptance.py" line="1025" time="0.001"><properties><property name="req" value="FR-CHECK-1" /></properties></testcase><testcase classname="runtime.tests.test_srs_acceptance" name="test_workspace_root_absolute_path_escape_and_semantic_arg_names" file="runtime/tests/test_srs_acceptance.py" line="1047" time="0.003"><properties><property name="req" value="FR-RUN-3" /></properties></testcase><testcase classname="tests.step_defs.test_bdd_suite" name="test_kv_cache_静态前缀强对齐校验_err_kv_alignment_violation[(:model &quot;claude-3-5&quot;)-(:context :auto)-PASS-NONE]" file="../../.local/lib/python3.12/site-packages/pytest_bdd/scenario.py" line="304" time="0.006"><properties><property name="req" value="FR-CHECK-1" /><property name="tag" value="KV-Alignment" /></properties></testcase><testcase classname="tests.step_defs.test_bdd_suite" name="test_kv_cache_静态前缀强对齐校验_err_kv_alignment_violation[(:tools [bash])-(:context :auto)-PASS-NONE]" file="../../.local/lib/python3.12/site-packages/pytest_bdd/scenario.py" line="304" time="0.002"><properties><property name="req" value="FR-CHECK-1" /><property name="tag" value="KV-Alignment" /></properties></testcase><testcase classname="tests.step_defs.test_bdd_suite" name="test_kv_cache_静态前缀强对齐校验_err_kv_alignment_violation[(:context :auto)-(:model &quot;claude-3-5&quot;)-FAIL-ERR_KV_ALIGNMENT_VIOLATION]" file="../../.local/lib/python3.12/site-packages/pytest_bdd/scenario.py" line="304" time="0.002"><properties><property name="req" value="FR-CHECK-1" /><property name="tag" value="KV-Alignment" /></properties></testcase><testcase classname="tests.step_defs.test_bdd_suite" name="test_kv_cache_静态前缀强对齐校验_err_kv_alignment_violation[(:context :auto)-(:tools [bash])-FAIL-ERR_KV_ALIGNMENT_VIOLATION]" file="../../.local/lib/python3.12/site-packages/pytest_bdd/scenario.py" line="304" time="0.002"><properties><property name="req" value="FR-CHECK-1" /><property name="tag" value="KV-Alignment" /></properties></testcase><testcase classname="tests.step_defs.test_bdd_suite" name="test_声明具副作用工具但缺少_harness_护栏_err_unguarded_tool_execution" file="../../.local/lib/python3.12/site-packages/pytest_bdd/scenario.py" line="304" time="0.002"><properties><property name="req" value="FR-CHECK-2" /><property name="tag" value="Unguarded-Tool" /></properties></testcase><testcase classname="tests.step_defs.test_bdd_suite" name="test_跨_agent_作用域工具命名冲突校验_err_context_leakage" file="../../.local/lib/python3.12/site-packages/pytest_bdd/scenario.py" line="304" time="0.002"><properties><property name="req" value="FR-CHECK-3" /><property name="tag" value="Tool-Name-Collision" /></properties></testcase><testcase classname="tests.step_defs.test_bdd_suite" name="test_cli_导出精准_srcloc_json_错误格式" file="../../.local/lib/python3.12/site-packages/pytest_bdd/scenario.py" line="304" time="0.002"><properties><property name="tag" value="SRS-5.1" /><property name="tag" value="JSON-Errors" /></properties></testcase><testcase classname="tests.step_defs.test_bdd_suite" name="test_harness_constrain_负面清单精确过滤[rm -rf-rm -rf /var/log-BLOCKED-\u5371\u9669\u5220\u9664\u547d\u4ee4\u7edd\u5bf9\u62e6\u622a]" file="../../.local/lib/python3.12/site-packages/pytest_bdd/scenario.py" line="304" time="0.003"><properties><property name="req" value="FR-RUN-1" /><property name="tag" value="Constrain-Negative-List" /></properties></testcase><testcase classname="tests.step_defs.test_bdd_suite" name="test_harness_constrain_负面清单精确过滤[rm -rf-mkdir /tmp/rm_rf_logs-ALLOWED-\u907f\u514d\u5b50\u4e32\u5339\u914d\u8bef\u6740]" file="../../.local/lib/python3.12/site-packages/pytest_bdd/scenario.py" line="304" time="0.001"><properties><property name="req" value="FR-RUN-1" /><property name="tag" value="Constrain-Negative-List" /></properties></testcase><testcase classname="tests.step_defs.test_bdd_suite" name="test_harness_constrain_负面清单精确过滤[cat-cat /etc/shadow-BLOCKED-\u654f\u611f\u8bfb\u53d6\u547d\u4ee4\u7cbe\u51c6\u62e6\u622a]" file="../../.local/lib/python3.12/site-packages/pytest_bdd/scenario.py" line="304" time="0.001"><properties><property name="req" value="FR-RUN-1" /><property name="tag" value="Constrain-Negative-List" /></properties></testcase><testcase classname="tests.step_defs.test_bdd_suite" name="test_harness_constrain_负面清单精确过滤[cat-ls category-ALLOWED-\u5355\u8bcd\u524d\u7f00\u4e0d\u8bef\u6740]" file="../../.local/lib/python3.12/site-packages/pytest_bdd/scenario.py" line="304" time="0.001"><properties><property name="req" value="FR-RUN-1" /><property name="tag" value="Constrain-Negative-List" /></properties></testcase><testcase classname="tests.step_defs.test_bdd_suite" name="test_verify_自动化静态动态断言校验" file="../../.local/lib/python3.12/site-packages/pytest_bdd/scenario.py" line="304" time="0.002"><properties><property name="req" value="FR-RUN-2" /><property name="tag" value="Verify-Assertion" /></properties></testcase><testcase classname="tests.step_defs.test_bdd_suite" name="test_correct_静默重试与_circuitbreaking_熔断[1-SILENT_RETRY_WITH_FEEDBACK]" file="../../.local/lib/python3.12/site-packages/pytest_bdd/scenario.py" line="304" time="0.001"><properties><property name="req" value="FR-CORRECT-1" /><property name="tag" value="Correct-Silent-Retry" /></properties></testcase><testcase classname="tests.step_defs.test_bdd_suite" name="test_correct_静默重试与_circuitbreaking_熔断[2-SILENT_RETRY_WITH_FEEDBACK]" file="../../.local/lib/python3.12/site-packages/pytest_bdd/scenario.py" line="304" time="0.001"><properties><property name="req" value="FR-CORRECT-1" /><property name="tag" value="Correct-Silent-Retry" /></properties></testcase><testcase classname="tests.step_defs.test_bdd_suite" name="test_correct_静默重试与_circuitbreaking_熔断[3-CIRCUIT_BREAK_TRIGGER_ASK_HUMAN]" file="../../.local/lib/python3.12/site-packages/pytest_bdd/scenario.py" line="304" time="0.001"><properties><property name="req" value="FR-CORRECT-1" /><property name="tag" value="Correct-Silent-Retry" /></properties></testcase><testcase classname="tests.step_defs.test_bdd_suite" name="test_完整_react_轨迹与离线质溯落盘" file="../../.local/lib/python3.12/site-packages/pytest_bdd/scenario.py" line="304" time="0.004"><properties><property name="req" value="FR-RUN-4" /><property name="tag" value="ExecutionTraceV2" /></properties></testcase><testcase classname="tests.step_defs.test_bdd_suite" name="test_上下文物理组装严格按照_kv_cache_前缀优化布局" file="../../.local/lib/python3.12/site-packages/pytest_bdd/scenario.py" line="304" time="0.001"><properties><property name="req" value="NFR-PERF-1a" /><property name="tag" value="Context-KV-Alignment" /></properties></testcase><testcase classname="tests.step_defs.test_bdd_suite" name="test_markdownfs_三层记忆_l0l1l2_渐进式加载[L0-SOUL.md \u5168\u91cf\u7075\u9b42\u7ea6\u675f + MEMORY.md L0 Abstract \u6458\u8981]" file="../../.local/lib/python3.12/site-packages/pytest_bdd/scenario.py" line="304" time="0.001"><properties><property name="req" value="FR-MEM-1" /><property name="tag" value="MarkdownFS-Lazy-Loading" /></properties></testcase><testcase classname="tests.step_defs.test_bdd_suite" name="test_markdownfs_三层记忆_l0l1l2_渐进式加载[L1-L0 \u5185\u5bb9 + MEMORY.md L1 Section Overview \u6982\u89c8]" file="../../.local/lib/python3.12/site-packages/pytest_bdd/scenario.py" line="304" time="0.001"><properties><property name="req" value="FR-MEM-1" /><property name="tag" value="MarkdownFS-Lazy-Loading" /></properties></testcase><testcase classname="tests.step_defs.test_bdd_suite" name="test_markdownfs_三层记忆_l0l1l2_渐进式加载[L2-L1 \u5185\u5bb9 + \u57fa\u4e8e URI/\u8d85\u94fe\u63a5\u6309\u9700\u60f0\u6027\u8c03\u53d6\u5168\u6587]" file="../../.local/lib/python3.12/site-packages/pytest_bdd/scenario.py" line="304" time="0.001"><properties><property name="req" value="FR-MEM-1" /><property name="tag" value="MarkdownFS-Lazy-Loading" /></properties></testcase><testcase classname="tests.step_defs.test_bdd_suite" name="test_scopedworker_局部_trajectory_作用域隔离与_gc_原地清理" file="../../.local/lib/python3.12/site-packages/pytest_bdd/scenario.py" line="304" time="0.001"><properties><property name="req" value="FR-MAGT-1" /><property name="tag" value="Scoped-Worker-GC" /></properties></testcase><testcase classname="tests.step_defs.test_bdd_suite" name="test_workspace_root_路径逃逸与符号链接穿透双重防护[/workspace/sandbox/src/main.py-PASS-\u5de5\u4f5c\u533a\u5185\u6b63\u5e38\u8def\u5f84\u901a\u8fc7]" file="../../.local/lib/python3.12/site-packages/pytest_bdd/scenario.py" line="304" time="0.001"><properties><property name="req" value="NFR-SEC-1a" /><property name="tag" value="Workspace-Root-Path-Lock" /></properties></testcase><testcase classname="tests.step_defs.test_bdd_suite" name="test_workspace_root_路径逃逸与符号链接穿透双重防护[/etc/passwd-BLOCK-\u7edd\u5bf9\u8def\u5f84\u9003\u9038\u7edd\u4e0d\u901a\u8fc7]" file="../../.local/lib/python3.12/site-packages/pytest_bdd/scenario.py" line="304" time="0.001"><properties><property name="req" value="NFR-SEC-1a" /><property name="tag" value="Workspace-Root-Path-Lock" /></properties></testcase><testcase classname="tests.step_defs.test_bdd_suite" name="test_workspace_root_路径逃逸与符号链接穿透双重防护[/workspace/sandbox/../../etc/shadow-BLOCK-\u76f8\u5bf9\u8def\u5f84 .. \u7a7f\u900f\u62e6\u622a]" file="../../.local/lib/python3.12/site-packages/pytest_bdd/scenario.py" line="304" time="0.001"><properties><property name="req" value="NFR-SEC-1a" /><property name="tag" value="Workspace-Root-Path-Lock" /></properties></testcase><testcase classname="tests.step_defs.test_bdd_suite" name="test_workspace_root_路径逃逸与符号链接穿透双重防护[/workspace/sandbox/symlink_to_outside-BLOCK-\u7b26\u53f7\u94fe\u63a5 (Symlink) \u7269\u7406\u6307\u5411\u5916\u9501\u6b7b]" file="../../.local/lib/python3.12/site-packages/pytest_bdd/scenario.py" line="304" time="0.001"><properties><property name="req" value="NFR-SEC-1a" /><property name="tag" value="Workspace-Root-Path-Lock" /></properties></testcase><testcase classname="tests.step_defs.test_bdd_suite" name="test_敏感工具触发_temporal_人在回路_hitl_挂起与_signal_唤醒" file="../../.local/lib/python3.12/site-packages/pytest_bdd/scenario.py" line="304" time="0.001"><properties><property name="req" value="IF-TEMPORAL-1" /><property name="tag" value="Temporal-HITL-Approval" /></properties></testcase><testcase classname="tests.step_defs.test_bdd_suite" name="test_react_轮次与_harness_拦截事件导出为_opentelemetry_trace_span" file="../../.local/lib/python3.12/site-packages/pytest_bdd/scenario.py" line="304" time="0.002"><properties><property name="req" value="NFR-OBS-1" /><property name="tag" value="OpenTelemetry-Tracing" /></properties></testcase><testcase classname="tests.step_defs.test_bdd_suite" name="test_通过_serversent_events_sse_实时流式推送推理轨迹" file="../../.local/lib/python3.12/site-packages/pytest_bdd/scenario.py" line="304" time="0.001"><properties><property name="req" value="IF-API-1" /><property name="tag" value="FastAPI-SSE-Streaming" /></properties></testcase><testcase classname="tests.step_defs.test_bdd_suite" name="test_基于三条件_and_成功判定规则进行样本评估" file="../../.local/lib/python3.12/site-packages/pytest_bdd/scenario.py" line="304" time="0.002"><properties><property name="req" value="AC-3" /><property name="tag" value="T2-Bench-Evaluation" /></properties></testcase><testcase classname="tests.step_defs.test_bdd_suite" name="test_评估新旧_agent_版本的_mcnemar_配对卡方统计显著性" file="../../.local/lib/python3.12/site-packages/pytest_bdd/scenario.py" line="304" time="0.001"><properties><property name="req" value="AC-3" /><property name="tag" value="McNemar-Test" /></properties></testcase></testsuite></testsuites>